<testsuites name="results">
  <testsuite name="all" package="all">
    <property name="random_seed" value="1720479778" />
    <testcase name="test_tpu" classname="test" file="/Users/evanlin/Desktop/tiny-tpu/test/test.py" lineno="52" time="0.0063381195068359375" sim_time_ns="330.001" ratio_time="52066.07411616009" />
  </testsuite>
</testsuites>
